{
  "blocks": [
    {
      "type": "meta",
      "props": {
        "title": "Demo",
        "author": "Test"
      }
    },
    {
      "type": "doc",
      "content": "Hello World"
    },
    {
      "type": "slide",
      "bullets": [
        "First",
        "Second"
      ],
      "title": "Intro"
    },
    {
      "type": "sheet",
      "data": {
        "2,1": 1,
        "2,2": 2
      },
      "formulas": [
        {
          "cell": [
            2,
            2
          ],
          "expr": "=A1"
        }
      ],
      "name": "Data",
      "cols": [
        "A",
        "B"
      ]
    }
  ]
}
